// Jest Snapshot v1, https://goo.gl/fbAQLP

exports[`ForecastSummaries renders correctly 1`] = `
<DocumentFragment>
  <section
    class="forecast-summaries"
  >
    <article
      class="forecast-summary"
      data-testid="forecast-summary"
    >
      <div
        class="forecast-summary__date"
      >
        <p
          class="forecast-summary__content forecast-summary__content--date"
        >
          Thu 1st Jan
        </p>
      </div>
      <div
        class="forecast-summary__icon"
        data-testid="forecast-icon"
      >
        <i
          class="wi wi-day-sunny forecast-summary__content forecast-summary__content--icon"
          name="owm"
        />
      </div>
      <div
        class="forecast-summary__temperature"
      >
        <p
          class="forecast-summary__content forecast-summary__content--temperature"
        >
          20 °C
        </p>
      </div>
      <div
        class="forecast-summary__description"
      >
        <p
          class="forecast-summary__content forecast-summary__content--description"
        >
          Test Description
        </p>
      </div>
      <div
        class="forecast-summary__more-details"
      >
        <button
          class="forecast-summary__button"
          data-date="1111111"
          type="button"
        >
          More Details
        </button>
      </div>
    </article>
    <article
      class="forecast-summary"
      data-testid="forecast-summary"
    >
      <div
        class="forecast-summary__date"
      >
        <p
          class="forecast-summary__content forecast-summary__content--date"
        >
          Tue 20th Jan
        </p>
      </div>
      <div
        class="forecast-summary__icon"
        data-testid="forecast-icon"
      >
        <i
          class="wi wi-day-snow forecast-summary__content forecast-summary__content--icon"
          name="owm"
        />
      </div>
      <div
        class="forecast-summary__temperature"
      >
        <p
          class="forecast-summary__content forecast-summary__content--temperature"
        >
          20 °C
        </p>
      </div>
      <div
        class="forecast-summary__description"
      >
        <p
          class="forecast-summary__content forecast-summary__content--description"
        >
          Test Description
        </p>
      </div>
      <div
        class="forecast-summary__more-details"
      >
        <button
          class="forecast-summary__button"
          data-date="1648376637"
          type="button"
        >
          More Details
        </button>
      </div>
    </article>
  </section>
</DocumentFragment>
`;
